// Jest Snapshot v1, https://goo.gl/fbAQLP

exports[`Test App.js redners the UI as expected 1`] = `[Function]`;

exports[`redners the UI as expected 1`] = `[Function]`;
