// Jest Snapshot v1, https://goo.gl/fbAQLP

exports[`redners the UI as expected 1`] = `[Function]`;

exports[`test Search Tool redners the UI as expected 1`] = `[Function]`;
